// 同步 ID: 3f1300df @ Sun Jul 26 14:39:54 UTC 2026
// 同步 ID: 607e546f @ Sun Jul 26 18:03:39 UTC 2026
// 重构日志: fd62c5e7
// 重构日志: 15220cef
// 同步 ID: 4ddef6de @ Wed Jul 29 10:28:04 UTC 2026
// 重构日志: 26328a1a
// 同步 ID: fb29889f @ Wed Jul 29 17:35:42 UTC 2026
// 重构日志: 87a3d241
// 重构日志: ea7bb9c5
// 重构日志: 666d6db0
// 重构日志: d5584904
// 重构日志: 3589a8b1
// 同步 ID: 0cb20d90 @ Sat Aug  1 15:34:53 UTC 2026
// 同步 ID: 635ddf94 @ Sun Aug  2 00:20:38 UTC 2026
// 重构日志: 08839f0d
// 同步 ID: 21556c86 @ Sun Aug  2 15:20:49 UTC 2026
// 同步 ID: dbf3a440 @ Sun Aug  2 17:35:24 UTC 2026
// 同步 ID: 4d57ac8f @ Mon Aug  3 04:27:12 UTC 2026
// 同步 ID: 57acc0bf @ Mon Aug  3 12:11:44 UTC 2026
// 重构日志: 3b29c2cd
// 同步 ID: 2e317948 @ Tue Aug  4 12:51:32 UTC 2026
// 重构日志: 04680807
// 重构日志: e33403a7
// 同步 ID: ff603c75 @ Thu Aug  6 07:27:37 UTC 2026
// 同步 ID: 9f31335c @ Fri Aug  7 00:36:41 UTC 2026
// 同步 ID: 4fedd121 @ Fri Aug  7 05:57:26 UTC 2026
// 同步 ID: 4aa9617d @ Fri Aug  7 18:48:57 UTC 2026
// 同步 ID: d1fe1b5b @ Fri Aug  7 19:24:33 UTC 2026
// 重构日志: 24b2c7b7
// 同步 ID: b82b5a12 @ Sat Aug  8 14:36:33 UTC 2026
// 重构日志: 8eb1c535
